// Jest Snapshot v1, https://goo.gl/fbAQLP

exports[`About renders correctly 1`] = `
<div>
  <div>
    <div
      className="header"
    >
      <h1>
        About This Demo
      </h1>
      <ul>
        <li>
          <a
            aria-current="page"
            className="active"
            href="/"
            onClick={[Function]}
            style={Object {}}
            title="Home Page"
          >
            Home
          </a>
        </li>
        <li>
          <a
            aria-current={null}
            href="/about"
            onClick={[Function]}
            title="About Project"
          >
            About
          </a>
        </li>
      </ul>
    </div>
    <div
      className="content"
    >
      <p>
        A React Gravatar Demo..
      </p>
      <p>
        See more 
        <a
          href="https://github.com/dotenorio/react-gravatar-demo"
          title="See this on Github"
        >
          on Github
        </a>
        .
      </p>
    </div>
  </div>
</div>
`;
