// Jest Snapshot v1, https://goo.gl/fbAQLP

exports[`Layout renders correctly 1`] = `
<div>
  <div
    className="header"
  >
    <h1>
      React Gravatar Demo
    </h1>
    <ul>
      <li>
        <a
          aria-current="page"
          className="active"
          href="/"
          onClick={[Function]}
          style={Object {}}
          title="Home Page"
        >
          Home
        </a>
      </li>
      <li>
        <a
          aria-current={null}
          href="/about"
          onClick={[Function]}
          title="About Project"
        >
          About
        </a>
      </li>
    </ul>
  </div>
  <div
    className="content"
  />
</div>
`;
